Archive member included to satisfy reference by file (symbol)

/opt/gcc-arm/bin/../lib/gcc/arm-none-eabi/10.3.1/../../../../arm-none-eabi/lib/thumb/v7e-m+fp/hard/libc.a(lib_a-errno.o)
                              /home/vlab/FreeRTOS_Work/STM32F4_Firmware/STM32F4-FreeRTOS_USART/build/syscalls.o (__errno)
/opt/gcc-arm/bin/../lib/gcc/arm-none-eabi/10.3.1/../../../../arm-none-eabi/lib/thumb/v7e-m+fp/hard/libc.a(lib_a-exit.o)
                              /opt/gcc-arm/bin/../lib/gcc/arm-none-eabi/10.3.1/../../../../arm-none-eabi/lib/thumb/v7e-m+fp/hard/crt0.o (exit)
/opt/gcc-arm/bin/../lib/gcc/arm-none-eabi/10.3.1/../../../../arm-none-eabi/lib/thumb/v7e-m+fp/hard/libc.a(lib_a-impure.o)
                              /opt/gcc-arm/bin/../lib/gcc/arm-none-eabi/10.3.1/../../../../arm-none-eabi/lib/thumb/v7e-m+fp/hard/libc.a(lib_a-exit.o) (_global_impure_ptr)
/opt/gcc-arm/bin/../lib/gcc/arm-none-eabi/10.3.1/../../../../arm-none-eabi/lib/thumb/v7e-m+fp/hard/libc.a(lib_a-init.o)
                              /opt/gcc-arm/bin/../lib/gcc/arm-none-eabi/10.3.1/../../../../arm-none-eabi/lib/thumb/v7e-m+fp/hard/crt0.o (__libc_init_array)
/opt/gcc-arm/bin/../lib/gcc/arm-none-eabi/10.3.1/../../../../arm-none-eabi/lib/thumb/v7e-m+fp/hard/libc.a(lib_a-memcpy.o)
                              /home/vlab/FreeRTOS_Work/STM32F4_Firmware/STM32F4-FreeRTOS_USART/build/queue.o (memcpy)
/opt/gcc-arm/bin/../lib/gcc/arm-none-eabi/10.3.1/../../../../arm-none-eabi/lib/thumb/v7e-m+fp/hard/libc.a(lib_a-memset.o)
                              /opt/gcc-arm/bin/../lib/gcc/arm-none-eabi/10.3.1/../../../../arm-none-eabi/lib/thumb/v7e-m+fp/hard/crt0.o (memset)
/opt/gcc-arm/bin/../lib/gcc/arm-none-eabi/10.3.1/../../../../arm-none-eabi/lib/thumb/v7e-m+fp/hard/libc.a(lib_a-__call_atexit.o)
                              /opt/gcc-arm/bin/../lib/gcc/arm-none-eabi/10.3.1/../../../../arm-none-eabi/lib/thumb/v7e-m+fp/hard/libc.a(lib_a-exit.o) (__call_exitprocs)
/opt/gcc-arm/bin/../lib/gcc/arm-none-eabi/10.3.1/../../../../arm-none-eabi/lib/thumb/v7e-m+fp/hard/libc.a(lib_a-atexit.o)
                              /opt/gcc-arm/bin/../lib/gcc/arm-none-eabi/10.3.1/../../../../arm-none-eabi/lib/thumb/v7e-m+fp/hard/libc.a(lib_a-__call_atexit.o) (atexit)
/opt/gcc-arm/bin/../lib/gcc/arm-none-eabi/10.3.1/../../../../arm-none-eabi/lib/thumb/v7e-m+fp/hard/libc.a(lib_a-fini.o)
                              /opt/gcc-arm/bin/../lib/gcc/arm-none-eabi/10.3.1/../../../../arm-none-eabi/lib/thumb/v7e-m+fp/hard/libc.a(lib_a-__call_atexit.o) (__libc_fini_array)
/opt/gcc-arm/bin/../lib/gcc/arm-none-eabi/10.3.1/../../../../arm-none-eabi/lib/thumb/v7e-m+fp/hard/libc.a(lib_a-lock.o)
                              /opt/gcc-arm/bin/../lib/gcc/arm-none-eabi/10.3.1/../../../../arm-none-eabi/lib/thumb/v7e-m+fp/hard/libc.a(lib_a-__call_atexit.o) (__retarget_lock_acquire_recursive)
/opt/gcc-arm/bin/../lib/gcc/arm-none-eabi/10.3.1/../../../../arm-none-eabi/lib/thumb/v7e-m+fp/hard/libc.a(lib_a-__atexit.o)
                              /opt/gcc-arm/bin/../lib/gcc/arm-none-eabi/10.3.1/../../../../arm-none-eabi/lib/thumb/v7e-m+fp/hard/libc.a(lib_a-atexit.o) (__register_exitproc)

Discarded input sections

 .text          0x0000000000000000        0x0 /opt/gcc-arm/bin/../lib/gcc/arm-none-eabi/10.3.1/thumb/v7e-m+fp/hard/crti.o
 .data          0x0000000000000000        0x0 /opt/gcc-arm/bin/../lib/gcc/arm-none-eabi/10.3.1/thumb/v7e-m+fp/hard/crti.o
 .bss           0x0000000000000000        0x0 /opt/gcc-arm/bin/../lib/gcc/arm-none-eabi/10.3.1/thumb/v7e-m+fp/hard/crti.o
 .data          0x0000000000000000        0x4 /opt/gcc-arm/bin/../lib/gcc/arm-none-eabi/10.3.1/thumb/v7e-m+fp/hard/crtbegin.o
 .rodata        0x0000000000000000       0x24 /opt/gcc-arm/bin/../lib/gcc/arm-none-eabi/10.3.1/thumb/v7e-m+fp/hard/crtbegin.o
 .text          0x0000000000000000       0x7c /opt/gcc-arm/bin/../lib/gcc/arm-none-eabi/10.3.1/../../../../arm-none-eabi/lib/thumb/v7e-m+fp/hard/crt0.o
 .data          0x0000000000000000        0x0 /opt/gcc-arm/bin/../lib/gcc/arm-none-eabi/10.3.1/../../../../arm-none-eabi/lib/thumb/v7e-m+fp/hard/crt0.o
 .bss           0x0000000000000000        0x0 /opt/gcc-arm/bin/../lib/gcc/arm-none-eabi/10.3.1/../../../../arm-none-eabi/lib/thumb/v7e-m+fp/hard/crt0.o
 .ARM.extab     0x0000000000000000        0x0 /opt/gcc-arm/bin/../lib/gcc/arm-none-eabi/10.3.1/../../../../arm-none-eabi/lib/thumb/v7e-m+fp/hard/crt0.o
 .ARM.exidx     0x0000000000000000       0x10 /opt/gcc-arm/bin/../lib/gcc/arm-none-eabi/10.3.1/../../../../arm-none-eabi/lib/thumb/v7e-m+fp/hard/crt0.o
 .ARM.attributes
                0x0000000000000000       0x1c /opt/gcc-arm/bin/../lib/gcc/arm-none-eabi/10.3.1/../../../../arm-none-eabi/lib/thumb/v7e-m+fp/hard/crt0.o
 .text          0x0000000000000000        0x0 /home/vlab/FreeRTOS_Work/STM32F4_Firmware/STM32F4-FreeRTOS_USART/build/stm32f4xx_it.o
 .data          0x0000000000000000        0x0 /home/vlab/FreeRTOS_Work/STM32F4_Firmware/STM32F4-FreeRTOS_USART/build/stm32f4xx_it.o
[...]
Memory Configuration

Name             Origin             Length             Attributes
FLASH            0x0000000008000000 0x0000000000080000 xr
RAM              0x0000000020000000 0x0000000000020000 xrw
CCMRAM           0x0000000010000000 0x0000000000010000 rw
*default*        0x0000000000000000 0xffffffffffffffff

Linker script and memory map

LOAD /opt/gcc-arm/bin/../lib/gcc/arm-none-eabi/10.3.1/thumb/v7e-m+fp/hard/crti.o
LOAD /opt/gcc-arm/bin/../lib/gcc/arm-none-eabi/10.3.1/thumb/v7e-m+fp/hard/crtbegin.o
LOAD /opt/gcc-arm/bin/../lib/gcc/arm-none-eabi/10.3.1/../../../../arm-none-eabi/lib/thumb/v7e-m+fp/hard/crt0.o
LOAD /home/vlab/FreeRTOS_Work/STM32F4_Firmware/STM32F4-FreeRTOS_USART/build/stm32f4xx_it.o
LOAD /home/vlab/FreeRTOS_Work/STM32F4_Firmware/STM32F4-FreeRTOS_USART/build/system_stm32f4xx.o
LOAD /home/vlab/FreeRTOS_Work/STM32F4_Firmware/STM32F4-FreeRTOS_USART/build/main.o
LOAD /home/vlab/FreeRTOS_Work/STM32F4_Firmware/STM32F4-FreeRTOS_USART/build/syscalls.o
LOAD /home/vlab/FreeRTOS_Work/STM32F4_Firmware/STM32F4-FreeRTOS_USART/build/port.o
LOAD /home/vlab/FreeRTOS_Work/STM32F4_Firmware/STM32F4-FreeRTOS_USART/build/list.o
LOAD /home/vlab/FreeRTOS_Work/STM32F4_Firmware/STM32F4-FreeRTOS_USART/build/queue.o
LOAD /home/vlab/FreeRTOS_Work/STM32F4_Firmware/STM32F4-FreeRTOS_USART/build/tasks.o
LOAD /home/vlab/FreeRTOS_Work/STM32F4_Firmware/STM32F4-FreeRTOS_USART/build/event_groups.o
LOAD /home/vlab/FreeRTOS_Work/STM32F4_Firmware/STM32F4-FreeRTOS_USART/build/timers.o
LOAD /home/vlab/FreeRTOS_Work/STM32F4_Firmware/STM32F4-FreeRTOS_USART/build/heap_4.o
LOAD /home/vlab/FreeRTOS_Work/STM32F4_Firmware/STM32F4-FreeRTOS_USART/build/stm32f4xx_rcc.o
LOAD /home/vlab/FreeRTOS_Work/STM32F4_Firmware/STM32F4-FreeRTOS_USART/build/stm32f4xx_gpio.o
LOAD /home/vlab/FreeRTOS_Work/STM32F4_Firmware/STM32F4-FreeRTOS_USART/build/misc.o
LOAD /home/vlab/FreeRTOS_Work/STM32F4_Firmware/STM32F4-FreeRTOS_USART/build/stm32f4xx_usart.o
LOAD /home/vlab/FreeRTOS_Work/STM32F4_Firmware/STM32F4-FreeRTOS_USART/build/startup_stm32f4xx.o
LOAD /opt/gcc-arm/bin/../lib/gcc/arm-none-eabi/10.3.1/../../../../arm-none-eabi/lib/thumb/v7e-m+fp/hard/libc.a
LOAD /opt/gcc-arm/bin/../lib/gcc/arm-none-eabi/10.3.1/thumb/v7e-m+fp/hard/libgcc.a
START GROUP
LOAD /opt/gcc-arm/bin/../lib/gcc/arm-none-eabi/10.3.1/thumb/v7e-m+fp/hard/libgcc.a
LOAD /opt/gcc-arm/bin/../lib/gcc/arm-none-eabi/10.3.1/../../../../arm-none-eabi/lib/thumb/v7e-m+fp/hard/libc.a
END GROUP
LOAD /opt/gcc-arm/bin/../lib/gcc/arm-none-eabi/10.3.1/thumb/v7e-m+fp/hard/crtend.o
LOAD /opt/gcc-arm/bin/../lib/gcc/arm-none-eabi/10.3.1/thumb/v7e-m+fp/hard/crtn.o
                0x0000000020020000                _estack = 0x20020000
                0x0000000000000200                _Min_Heap_Size = 0x200
                0x0000000000000400                _Min_Stack_Size = 0x400

.isr_vector     0x0000000008000000      0x188
                0x0000000008000000                . = ALIGN (0x4)
 *(.isr_vector)
 .isr_vector    0x0000000008000000      0x188 /home/vlab/FreeRTOS_Work/STM32F4_Firmware/STM32F4-FreeRTOS_USART/build/startup_stm32f4xx.o
                0x0000000008000000                g_pfnVectors
                0x0000000008000188                . = ALIGN (0x4)

.text           0x0000000008000190     0x26d0
                0x0000000008000190                . = ALIGN (0x4)
 *(.text)
 .text          0x0000000008000190       0x40 /opt/gcc-arm/bin/../lib/gcc/arm-none-eabi/10.3.1/thumb/v7e-m+fp/hard/crtbegin.o
 .text          0x00000000080001d0      0x134 /opt/gcc-arm/bin/../lib/gcc/arm-none-eabi/10.3.1/../../../../arm-none-eabi/lib/thumb/v7e-m+fp/hard/libc.a(lib_a-memcpy.o)
                0x00000000080001d0                memcpy
 *(.text*)
 .text.NMI_Handler
                0x0000000008000304        0x4 /home/vlab/FreeRTOS_Work/STM32F4_Firmware/STM32F4-FreeRTOS_USART/build/stm32f4xx_it.o
                0x0000000008000304                NMI_Handler
 .text.prvGetRegistersFromStack
                0x0000000008000308       0x30 /home/vlab/FreeRTOS_Work/STM32F4_Firmware/STM32F4-FreeRTOS_USART/build/stm32f4xx_it.o
                0x0000000008000308                prvGetRegistersFromStack
 .text.HardFault_Handler
                0x0000000008000338       0x18 /home/vlab/FreeRTOS_Work/STM32F4_Firmware/STM32F4-FreeRTOS_USART/build/stm32f4xx_it.o
                0x0000000008000338                HardFault_Handler
 .text.MemManage_Handler
                0x0000000008000350        0x4 /home/vlab/FreeRTOS_Work/STM32F4_Firmware/STM32F4-FreeRTOS_USART/build/stm32f4xx_it.o
                0x0000000008000350                MemManage_Handler
 .text.BusFault_Handler
                0x0000000008000354        0x4 /home/vlab/FreeRTOS_Work/STM32F4_Firmware/STM32F4-FreeRTOS_USART/build/stm32f4xx_it.o
                0x0000000008000354                BusFault_Handler
 .text.UsageFault_Handler
                0x0000000008000358        0x4 /home/vlab/FreeRTOS_Work/STM32F4_Firmware/STM32F4-FreeRTOS_USART/build/stm32f4xx_it.o
                0x0000000008000358                UsageFault_Handler
 .text.DebugMon_Handler
                0x000000000800035c        0x4 /home/vlab/FreeRTOS_Work/STM32F4_Firmware/STM32F4-FreeRTOS_USART/build/stm32f4xx_it.o
                0x000000000800035c                DebugMon_Handler
 .text.SystemInit
                0x0000000008000360       0x50 /home/vlab/FreeRTOS_Work/STM32F4_Firmware/STM32F4-FreeRTOS_USART/build/system_stm32f4xx.o
                0x0000000008000360                SystemInit
 .text.simple_task
                0x00000000080003b0       0x58 /home/vlab/FreeRTOS_Work/STM32F4_Firmware/STM32F4-FreeRTOS_USART/build/main.o
                0x00000000080003b0                simple_task
 .text.vApplicationIdleHook
                0x0000000008000408        0x4 /home/vlab/FreeRTOS_Work/STM32F4_Firmware/STM32F4-FreeRTOS_USART/build/main.o
                0x0000000008000408                vApplicationIdleHook
 .text.vApplicationStackOverflowHook
                0x000000000800040c        0x4 /home/vlab/FreeRTOS_Work/STM32F4_Firmware/STM32F4-FreeRTOS_USART/build/main.o
                0x000000000800040c                vApplicationStackOverflowHook
 .text.vApplicationMallocFailedHook
                0x0000000008000410        0x4 /home/vlab/FreeRTOS_Work/STM32F4_Firmware/STM32F4-FreeRTOS_USART/build/main.o
                0x0000000008000410                vApplicationMallocFailedHook
 .text.init_USART1
                0x0000000008000414       0x74 /home/vlab/FreeRTOS_Work/STM32F4_Firmware/STM32F4-FreeRTOS_USART/build/main.o
                0x0000000008000414                init_USART1
 .text.startup.main
                0x0000000008000488       0x34 /home/vlab/FreeRTOS_Work/STM32F4_Firmware/STM32F4-FreeRTOS_USART/build/main.o
                0x0000000008000488                main
 .text.prvTaskExitError
                0x00000000080004bc       0x30 /home/vlab/FreeRTOS_Work/STM32F4_Firmware/STM32F4-FreeRTOS_USART/build/port.o
 .text.prvPortStartFirstTask
                0x00000000080004ec       0x20 /home/vlab/FreeRTOS_Work/STM32F4_Firmware/STM32F4-FreeRTOS_USART/build/port.o
 .text.vPortEnableVFP
                0x000000000800050c       0x14 /home/vlab/FreeRTOS_Work/STM32F4_Firmware/STM32F4-FreeRTOS_USART/build/port.o
 .text.pxPortInitialiseStack
                0x0000000008000520       0x28 /home/vlab/FreeRTOS_Work/STM32F4_Firmware/STM32F4-FreeRTOS_USART/build/port.o
                0x0000000008000520                pxPortInitialiseStack
 *fill*         0x0000000008000548        0x8 
 .text.SVC_Handler
                0x0000000008000550       0x24 /home/vlab/FreeRTOS_Work/STM32F4_Firmware/STM32F4-FreeRTOS_USART/build/port.o
                0x0000000008000550                SVC_Handler
 .text.vPortEnterCritical
                0x0000000008000574       0x44 /home/vlab/FreeRTOS_Work/STM32F4_Firmware/STM32F4-FreeRTOS_USART/build/port.o
                0x0000000008000574                vPortEnterCritical
 .text.vPortExitCritical
                0x00000000080005b8       0x28 /home/vlab/FreeRTOS_Work/STM32F4_Firmware/STM32F4-FreeRTOS_USART/build/port.o
                0x00000000080005b8                vPortExitCritical
 .text.PendSV_Handler
                0x00000000080005e0       0x64 /home/vlab/FreeRTOS_Work/STM32F4_Firmware/STM32F4-FreeRTOS_USART/build/port.o
                0x00000000080005e0                PendSV_Handler
 .text.SysTick_Handler
                0x0000000008000644       0x2c /home/vlab/FreeRTOS_Work/STM32F4_Firmware/STM32F4-FreeRTOS_USART/build/port.o
                0x0000000008000644                SysTick_Handler
 .text.vPortSetupTimerInterrupt
                0x0000000008000670       0x24 /home/vlab/FreeRTOS_Work/STM32F4_Firmware/STM32F4-FreeRTOS_USART/build/port.o
                0x0000000008000670                vPortSetupTimerInterrupt
 .text.xPortStartScheduler
                0x0000000008000694       0xf4 /home/vlab/FreeRTOS_Work/STM32F4_Firmware/STM32F4-FreeRTOS_USART/build/port.o
                0x0000000008000694                xPortStartScheduler
 .text.vListInitialise
                0x0000000008000788       0x18 /home/vlab/FreeRTOS_Work/STM32F4_Firmware/STM32F4-FreeRTOS_USART/build/list.o
                0x0000000008000788                vListInitialise
 .text.vListInitialiseItem
                0x00000000080007a0        0x8 /home/vlab/FreeRTOS_Work/STM32F4_Firmware/STM32F4-FreeRTOS_USART/build/list.o
                0x00000000080007a0                vListInitialiseItem
 .text.vListInsertEnd
                0x00000000080007a8       0x20 /home/vlab/FreeRTOS_Work/STM32F4_Firmware/STM32F4-FreeRTOS_USART/build/list.o
                0x00000000080007a8                vListInsertEnd
 .text.vListInsert
                0x00000000080007c8       0x30 /home/vlab/FreeRTOS_Work/STM32F4_Firmware/STM32F4-FreeRTOS_USART/build/list.o
                0x00000000080007c8                vListInsert
 .text.uxListRemove
                0x00000000080007f8       0x28 /home/vlab/FreeRTOS_Work/STM32F4_Firmware/STM32F4-FreeRTOS_USART/build/list.o
                0x00000000080007f8                uxListRemove
 .text.prvCopyDataToQueue
                0x0000000008000820       0x78 /home/vlab/FreeRTOS_Work/STM32F4_Firmware/STM32F4-FreeRTOS_USART/build/queue.o
 .text.xQueueGenericCreate
                0x0000000008000898       0x90 /home/vlab/FreeRTOS_Work/STM32F4_Firmware/STM32F4-FreeRTOS_USART/build/queue.o
                0x0000000008000898                xQueueGenericCreate
 .text.xQueueGenericSend
                0x0000000008000928      0x2fc /home/vlab/FreeRTOS_Work/STM32F4_Firmware/STM32F4-FreeRTOS_USART/build/queue.o
                0x0000000008000928                xQueueGenericSend
 .text.xQueueGenericReceive
                0x0000000008000c24      0x354 /home/vlab/FreeRTOS_Work/STM32F4_Firmware/STM32F4-FreeRTOS_USART/build/queue.o
                0x0000000008000c24                xQueueGenericReceive
 .text.vQueueAddToRegistry
                0x0000000008000f78       0x50 /home/vlab/FreeRTOS_Work/STM32F4_Firmware/STM32F4-FreeRTOS_USART/build/queue.o
                0x0000000008000f78                vQueueAddToRegistry
 .text.vQueueWaitForMessageRestricted
                0x0000000008000fc8       0xc8 /home/vlab/FreeRTOS_Work/STM32F4_Firmware/STM32F4-FreeRTOS_USART/build/queue.o
                0x0000000008000fc8                vQueueWaitForMessageRestricted
 .text.prvAddCurrentTaskToDelayedList
                0x0000000008001090       0x8c /home/vlab/FreeRTOS_Work/STM32F4_Firmware/STM32F4-FreeRTOS_USART/build/tasks.o
 .text.xTaskCreate
                0x000000000800111c      0x220 /home/vlab/FreeRTOS_Work/STM32F4_Firmware/STM32F4-FreeRTOS_USART/build/tasks.o
                0x000000000800111c                xTaskCreate
 .text.vTaskStartScheduler
                0x000000000800133c      0x1e8 /home/vlab/FreeRTOS_Work/STM32F4_Firmware/STM32F4-FreeRTOS_USART/build/tasks.o
                0x000000000800133c                vTaskStartScheduler
 .text.vTaskSuspendAll
                0x0000000008001524       0x10 /home/vlab/FreeRTOS_Work/STM32F4_Firmware/STM32F4-FreeRTOS_USART/build/tasks.o
                0x0000000008001524                vTaskSuspendAll
 .text.xTaskGetTickCount
                0x0000000008001534        0xc /home/vlab/FreeRTOS_Work/STM32F4_Firmware/STM32F4-FreeRTOS_USART/build/tasks.o
                0x0000000008001534                xTaskGetTickCount
 .text.xTaskIncrementTick
                0x0000000008001540      0x16c /home/vlab/FreeRTOS_Work/STM32F4_Firmware/STM32F4-FreeRTOS_USART/build/tasks.o
                0x0000000008001540                xTaskIncrementTick
 .text.xTaskResumeAll.part.0
                0x00000000080016ac      0x124 /home/vlab/FreeRTOS_Work/STM32F4_Firmware/STM32F4-FreeRTOS_USART/build/tasks.o
 .text.xTaskResumeAll
                0x00000000080017d0       0x20 /home/vlab/FreeRTOS_Work/STM32F4_Firmware/STM32F4-FreeRTOS_USART/build/tasks.o
                0x00000000080017d0                xTaskResumeAll
 .text.prvIdleTask
                0x00000000080017f0       0xb4 /home/vlab/FreeRTOS_Work/STM32F4_Firmware/STM32F4-FreeRTOS_USART/build/tasks.o
 .text.vTaskDelay
                0x00000000080018a4       0x60 /home/vlab/FreeRTOS_Work/STM32F4_Firmware/STM32F4-FreeRTOS_USART/build/tasks.o
                0x00000000080018a4                vTaskDelay
 .text.vTaskSwitchContext
                0x0000000008001904       0xa4 /home/vlab/FreeRTOS_Work/STM32F4_Firmware/STM32F4-FreeRTOS_USART/build/tasks.o
                0x0000000008001904                vTaskSwitchContext
 .text.vTaskPlaceOnEventList
                0x00000000080019a8       0xa0 /home/vlab/FreeRTOS_Work/STM32F4_Firmware/STM32F4-FreeRTOS_USART/build/tasks.o
                0x00000000080019a8                vTaskPlaceOnEventList
 .text.vTaskPlaceOnEventListRestricted
                0x0000000008001a48       0xc0 /home/vlab/FreeRTOS_Work/STM32F4_Firmware/STM32F4-FreeRTOS_USART/build/tasks.o
                0x0000000008001a48                vTaskPlaceOnEventListRestricted
 .text.xTaskRemoveFromEventList
                0x0000000008001b08       0x90 /home/vlab/FreeRTOS_Work/STM32F4_Firmware/STM32F4-FreeRTOS_USART/build/tasks.o
                0x0000000008001b08                xTaskRemoveFromEventList
 .text.vTaskSetTimeOutState
                0x0000000008001b98       0x2c /home/vlab/FreeRTOS_Work/STM32F4_Firmware/STM32F4-FreeRTOS_USART/build/tasks.o
                0x0000000008001b98                vTaskSetTimeOutState
 .text.xTaskCheckForTimeOut
                0x0000000008001bc4       0x84 /home/vlab/FreeRTOS_Work/STM32F4_Firmware/STM32F4-FreeRTOS_USART/build/tasks.o
                0x0000000008001bc4                xTaskCheckForTimeOut
 .text.vTaskMissedYield
                0x0000000008001c48        0xc /home/vlab/FreeRTOS_Work/STM32F4_Firmware/STM32F4-FreeRTOS_USART/build/tasks.o
                0x0000000008001c48                vTaskMissedYield
 .text.xTaskGetSchedulerState
                0x0000000008001c54       0x20 /home/vlab/FreeRTOS_Work/STM32F4_Firmware/STM32F4-FreeRTOS_USART/build/tasks.o
                0x0000000008001c54                xTaskGetSchedulerState
 .text.vTaskPriorityInherit
                0x0000000008001c74       0x9c /home/vlab/FreeRTOS_Work/STM32F4_Firmware/STM32F4-FreeRTOS_USART/build/tasks.o
                0x0000000008001c74                vTaskPriorityInherit
 .text.xTaskPriorityDisinherit
                0x0000000008001d10       0xb8 /home/vlab/FreeRTOS_Work/STM32F4_Firmware/STM32F4-FreeRTOS_USART/build/tasks.o
                0x0000000008001d10                xTaskPriorityDisinherit
 .text.pvTaskIncrementMutexHeldCount
                0x0000000008001dc8       0x18 /home/vlab/FreeRTOS_Work/STM32F4_Firmware/STM32F4-FreeRTOS_USART/build/tasks.o
                0x0000000008001dc8                pvTaskIncrementMutexHeldCount
 .text.prvSwitchTimerLists
                0x0000000008001de0       0x98 /home/vlab/FreeRTOS_Work/STM32F4_Firmware/STM32F4-FreeRTOS_USART/build/timers.o
 .text.prvTimerTask
                0x0000000008001e78      0x264 /home/vlab/FreeRTOS_Work/STM32F4_Firmware/STM32F4-FreeRTOS_USART/build/timers.o
 .text.xTimerCreateTimerTask
                0x00000000080020dc       0x98 /home/vlab/FreeRTOS_Work/STM32F4_Firmware/STM32F4-FreeRTOS_USART/build/timers.o
                0x00000000080020dc                xTimerCreateTimerTask
 .text.pvPortMalloc
                0x0000000008002174      0x168 /home/vlab/FreeRTOS_Work/STM32F4_Firmware/STM32F4-FreeRTOS_USART/build/heap_4.o
                0x0000000008002174                pvPortMalloc
 .text.vPortFree
                0x00000000080022dc       0xb8 /home/vlab/FreeRTOS_Work/STM32F4_Firmware/STM32F4-FreeRTOS_USART/build/heap_4.o
                0x00000000080022dc                vPortFree
 .text.RCC_GetClocksFreq
                0x0000000008002394       0x90 /home/vlab/FreeRTOS_Work/STM32F4_Firmware/STM32F4-FreeRTOS_USART/build/stm32f4xx_rcc.o
                0x0000000008002394                RCC_GetClocksFreq
 .text.RCC_AHB1PeriphClockCmd
                0x0000000008002424       0x18 /home/vlab/FreeRTOS_Work/STM32F4_Firmware/STM32F4-FreeRTOS_USART/build/stm32f4xx_rcc.o
                0x0000000008002424                RCC_AHB1PeriphClockCmd
 .text.RCC_APB2PeriphClockCmd
                0x000000000800243c       0x18 /home/vlab/FreeRTOS_Work/STM32F4_Firmware/STM32F4-FreeRTOS_USART/build/stm32f4xx_rcc.o
                0x000000000800243c                RCC_APB2PeriphClockCmd
 .text.GPIO_Init
                0x0000000008002454       0x94 /home/vlab/FreeRTOS_Work/STM32F4_Firmware/STM32F4-FreeRTOS_USART/build/stm32f4xx_gpio.o
                0x0000000008002454                GPIO_Init
 .text.GPIO_PinAFConfig
                0x00000000080024e8       0x28 /home/vlab/FreeRTOS_Work/STM32F4_Firmware/STM32F4-FreeRTOS_USART/build/stm32f4xx_gpio.o
                0x00000000080024e8                GPIO_PinAFConfig
 .text.NVIC_PriorityGroupConfig
                0x0000000008002510       0x14 /home/vlab/FreeRTOS_Work/STM32F4_Firmware/STM32F4-FreeRTOS_USART/build/misc.o
                0x0000000008002510                NVIC_PriorityGroupConfig
 .text.USART_Init
                0x0000000008002524       0xc4 /home/vlab/FreeRTOS_Work/STM32F4_Firmware/STM32F4-FreeRTOS_USART/build/stm32f4xx_usart.o
                0x0000000008002524                USART_Init
 .text.USART_Cmd
                0x00000000080025e8       0x1c /home/vlab/FreeRTOS_Work/STM32F4_Firmware/STM32F4-FreeRTOS_USART/build/stm32f4xx_usart.o
                0x00000000080025e8                USART_Cmd
 .text.USART_SendData
                0x0000000008002604        0x8 /home/vlab/FreeRTOS_Work/STM32F4_Firmware/STM32F4-FreeRTOS_USART/build/stm32f4xx_usart.o
                0x0000000008002604                USART_SendData
 .text.USART_GetFlagStatus
                0x000000000800260c        0xc /home/vlab/FreeRTOS_Work/STM32F4_Firmware/STM32F4-FreeRTOS_USART/build/stm32f4xx_usart.o
                0x000000000800260c                USART_GetFlagStatus
 .text.Reset_Handler
                0x0000000008002618       0x60 /home/vlab/FreeRTOS_Work/STM32F4_Firmware/STM32F4-FreeRTOS_USART/build/startup_stm32f4xx.o
                0x0000000008002618                Reset_Handler
 .text.Default_Handler
                0x0000000008002678        0x2 /home/vlab/FreeRTOS_Work/STM32F4_Firmware/STM32F4-FreeRTOS_USART/build/startup_stm32f4xx.o
                0x0000000008002678                RTC_Alarm_IRQHandler
                0x0000000008002678                HASH_RNG_IRQHandler
                0x0000000008002678                EXTI2_IRQHandler
                0x0000000008002678                TIM8_CC_IRQHandler
                0x0000000008002678                TIM1_CC_IRQHandler
                0x0000000008002678                DMA2_Stream5_IRQHandler
                0x0000000008002678                DMA1_Stream5_IRQHandler
                0x0000000008002678                PVD_IRQHandler
                0x0000000008002678                SDIO_IRQHandler
                0x0000000008002678                TAMP_STAMP_IRQHandler
                0x0000000008002678                CAN2_RX1_IRQHandler
                0x0000000008002678                EXTI3_IRQHandler
                0x0000000008002678                TIM8_TRG_COM_TIM14_IRQHandler
                0x0000000008002678                TIM1_UP_TIM10_IRQHandler
                0x0000000008002678                TIM8_UP_TIM13_IRQHandler
                0x0000000008002678                I2C3_ER_IRQHandler
                0x0000000008002678                EXTI0_IRQHandler
                0x0000000008002678                I2C2_EV_IRQHandler
                0x0000000008002678                DMA1_Stream2_IRQHandler
                0x0000000008002678                CAN1_RX0_IRQHandler
                0x0000000008002678                FPU_IRQHandler
                0x0000000008002678                OTG_HS_WKUP_IRQHandler
                0x0000000008002678                CAN2_SCE_IRQHandler
                0x0000000008002678                DMA2_Stream2_IRQHandler
                0x0000000008002678                SPI1_IRQHandler
                0x0000000008002678                TIM6_DAC_IRQHandler
                0x0000000008002678                TIM1_BRK_TIM9_IRQHandler
                0x0000000008002678                DCMI_IRQHandler
                0x0000000008002678                CAN2_RX0_IRQHandler
                0x0000000008002678                DMA2_Stream3_IRQHandler
                0x0000000008002678                USART6_IRQHandler
                0x0000000008002678                USART3_IRQHandler
                0x0000000008002678                CRYP_IRQHandler
                0x0000000008002678                CAN1_RX1_IRQHandler
                0x0000000008002678                UART5_IRQHandler
                0x0000000008002678                DMA2_Stream0_IRQHandler
                0x0000000008002678                TIM4_IRQHandler
                0x0000000008002678                I2C1_EV_IRQHandler
                0x0000000008002678                DMA1_Stream6_IRQHandler
                0x0000000008002678                DMA1_Stream1_IRQHandler
                0x0000000008002678                UART4_IRQHandler
                0x0000000008002678                TIM3_IRQHandler
                0x0000000008002678                RCC_IRQHandler
                0x0000000008002678                TIM8_BRK_TIM12_IRQHandler
                0x0000000008002678                Default_Handler
                0x0000000008002678                EXTI15_10_IRQHandler
                0x0000000008002678                ADC_IRQHandler
                0x0000000008002678                DMA1_Stream7_IRQHandler
                0x0000000008002678                TIM7_IRQHandler
                0x0000000008002678                CAN2_TX_IRQHandler
                0x0000000008002678                TIM5_IRQHandler
                0x0000000008002678                DMA2_Stream7_IRQHandler
                0x0000000008002678                I2C3_EV_IRQHandler
                0x0000000008002678                EXTI9_5_IRQHandler
                0x0000000008002678                RTC_WKUP_IRQHandler
                0x0000000008002678                ETH_WKUP_IRQHandler
                0x0000000008002678                SPI2_IRQHandler
                0x0000000008002678                OTG_HS_EP1_IN_IRQHandler
                0x0000000008002678                DMA1_Stream0_IRQHandler
                0x0000000008002678                CAN1_TX_IRQHandler
                0x0000000008002678                EXTI4_IRQHandler
                0x0000000008002678                FSMC_IRQHandler
                0x0000000008002678                ETH_IRQHandler
                0x0000000008002678                OTG_HS_EP1_OUT_IRQHandler
                0x0000000008002678                WWDG_IRQHandler
                0x0000000008002678                TIM2_IRQHandler
                0x0000000008002678                OTG_FS_WKUP_IRQHandler
                0x0000000008002678                TIM1_TRG_COM_TIM11_IRQHandler
                0x0000000008002678                OTG_HS_IRQHandler
                0x0000000008002678                EXTI1_IRQHandler
                0x0000000008002678                USART2_IRQHandler
                0x0000000008002678                I2C2_ER_IRQHandler
                0x0000000008002678                DMA2_Stream1_IRQHandler
                0x0000000008002678                CAN1_SCE_IRQHandler
                0x0000000008002678                FLASH_IRQHandler
                0x0000000008002678                DMA2_Stream4_IRQHandler
                0x0000000008002678                USART1_IRQHandler
                0x0000000008002678                OTG_FS_IRQHandler
                0x0000000008002678                SPI3_IRQHandler
                0x0000000008002678                DMA1_Stream4_IRQHandler
                0x0000000008002678                I2C1_ER_IRQHandler
                0x0000000008002678                DMA2_Stream6_IRQHandler
                0x0000000008002678                DMA1_Stream3_IRQHandler
 *fill*         0x000000000800267a        0x2 
 .text.__libc_init_array
                0x000000000800267c       0x48 /opt/gcc-arm/bin/../lib/gcc/arm-none-eabi/10.3.1/../../../../arm-none-eabi/lib/thumb/v7e-m+fp/hard/libc.a(lib_a-init.o)
                0x000000000800267c                __libc_init_array
 .text.memset   0x00000000080026c4       0xa4 /opt/gcc-arm/bin/../lib/gcc/arm-none-eabi/10.3.1/../../../../arm-none-eabi/lib/thumb/v7e-m+fp/hard/libc.a(lib_a-memset.o)
                0x00000000080026c4                memset
 .text.startup.register_fini
                0x0000000008002768       0x14 /opt/gcc-arm/bin/../lib/gcc/arm-none-eabi/10.3.1/../../../../arm-none-eabi/lib/thumb/v7e-m+fp/hard/libc.a(lib_a-__call_atexit.o)
 .text.atexit   0x000000000800277c        0xc /opt/gcc-arm/bin/../lib/gcc/arm-none-eabi/10.3.1/../../../../arm-none-eabi/lib/thumb/v7e-m+fp/hard/libc.a(lib_a-atexit.o)
                0x000000000800277c                atexit
 .text.__libc_fini_array
                0x0000000008002788       0x2c /opt/gcc-arm/bin/../lib/gcc/arm-none-eabi/10.3.1/../../../../arm-none-eabi/lib/thumb/v7e-m+fp/hard/libc.a(lib_a-fini.o)
                0x0000000008002788                __libc_fini_array
 .text.__retarget_lock_acquire_recursive
                0x00000000080027b4        0x4 /opt/gcc-arm/bin/../lib/gcc/arm-none-eabi/10.3.1/../../../../arm-none-eabi/lib/thumb/v7e-m+fp/hard/libc.a(lib_a-lock.o)
                0x00000000080027b4                __retarget_lock_acquire_recursive
 .text.__retarget_lock_release_recursive
                0x00000000080027b8        0x4 /opt/gcc-arm/bin/../lib/gcc/arm-none-eabi/10.3.1/../../../../arm-none-eabi/lib/thumb/v7e-m+fp/hard/libc.a(lib_a-lock.o)
                0x00000000080027b8                __retarget_lock_release_recursive
 .text.__register_exitproc
                0x00000000080027bc       0x8c /opt/gcc-arm/bin/../lib/gcc/arm-none-eabi/10.3.1/../../../../arm-none-eabi/lib/thumb/v7e-m+fp/hard/libc.a(lib_a-__atexit.o)
                0x00000000080027bc                __register_exitproc
 *(.glue_7)
 .glue_7        0x0000000008002848        0x0 linker stubs
 *(.glue_7t)
 .glue_7t       0x0000000008002848        0x0 linker stubs
 *(.eh_frame)
 .eh_frame      0x0000000008002848        0x0 /opt/gcc-arm/bin/../lib/gcc/arm-none-eabi/10.3.1/thumb/v7e-m+fp/hard/crtbegin.o
 *(.init)
 .init          0x0000000008002848        0x4 /opt/gcc-arm/bin/../lib/gcc/arm-none-eabi/10.3.1/thumb/v7e-m+fp/hard/crti.o
                0x0000000008002848                _init
 .init          0x000000000800284c        0x8 /opt/gcc-arm/bin/../lib/gcc/arm-none-eabi/10.3.1/thumb/v7e-m+fp/hard/crtn.o
 *(.fini)
 .fini          0x0000000008002854        0x4 /opt/gcc-arm/bin/../lib/gcc/arm-none-eabi/10.3.1/thumb/v7e-m+fp/hard/crti.o
                0x0000000008002854                _fini
 .fini          0x0000000008002858        0x8 /opt/gcc-arm/bin/../lib/gcc/arm-none-eabi/10.3.1/thumb/v7e-m+fp/hard/crtn.o
                0x0000000008002860                . = ALIGN (0x4)
                0x0000000008002860                _etext = .

.vfp11_veneer   0x0000000008002860        0x0
 .vfp11_veneer  0x0000000008002860        0x0 linker stubs

.v4_bx          0x0000000008002860        0x0
 .v4_bx         0x0000000008002860        0x0 linker stubs

.iplt           0x0000000008002860        0x0
 .iplt          0x0000000008002860        0x0 /opt/gcc-arm/bin/../lib/gcc/arm-none-eabi/10.3.1/thumb/v7e-m+fp/hard/crtbegin.o

.rodata         0x0000000008002860       0x50
                0x0000000008002860                . = ALIGN (0x4)
 *(.rodata)
 *(.rodata*)
 .rodata.simple_task.str1.4
                0x0000000008002860       0x2d /home/vlab/FreeRTOS_Work/STM32F4_Firmware/STM32F4-FreeRTOS_USART/build/main.o
 *fill*         0x000000000800288d        0x3 
 .rodata.main.str1.4
                0x0000000008002890        0xc /home/vlab/FreeRTOS_Work/STM32F4_Firmware/STM32F4-FreeRTOS_USART/build/main.o
 .rodata.xTimerCreateTimerTask.str1.4
                0x000000000800289c       0x10 /home/vlab/FreeRTOS_Work/STM32F4_Firmware/STM32F4-FreeRTOS_USART/build/timers.o
 .rodata._global_impure_ptr
                0x00000000080028ac        0x4 /opt/gcc-arm/bin/../lib/gcc/arm-none-eabi/10.3.1/../../../../arm-none-eabi/lib/thumb/v7e-m+fp/hard/libc.a(lib_a-impure.o)
                0x00000000080028ac                _global_impure_ptr
                0x00000000080028b0                . = ALIGN (0x4)

.rel.dyn        0x00000000080028b0        0x0
 .rel.iplt      0x00000000080028b0        0x0 /opt/gcc-arm/bin/../lib/gcc/arm-none-eabi/10.3.1/thumb/v7e-m+fp/hard/crtbegin.o

.ARM.extab
 *(.ARM.extab* .gnu.linkonce.armextab.*)

.ARM            0x00000000080028b0        0x0
                0x00000000080028b0                __exidx_start = .
 *(.ARM.exidx*)
                0x00000000080028b0                __exidx_end = .

.preinit_array  0x00000000080028b0        0x0
                0x00000000080028b0                PROVIDE (__preinit_array_start = .)
 *(.preinit_array*)
                0x00000000080028b0                PROVIDE (__preinit_array_end = .)

.init_array     0x00000000080028b0        0x8
                0x00000000080028b0                PROVIDE (__init_array_start = .)
 *(SORT_BY_NAME(.init_array.*))
 .init_array.00000
                0x00000000080028b0        0x4 /opt/gcc-arm/bin/../lib/gcc/arm-none-eabi/10.3.1/../../../../arm-none-eabi/lib/thumb/v7e-m+fp/hard/libc.a(lib_a-__call_atexit.o)
 *(.init_array*)
 .init_array    0x00000000080028b4        0x4 /opt/gcc-arm/bin/../lib/gcc/arm-none-eabi/10.3.1/thumb/v7e-m+fp/hard/crtbegin.o
                0x00000000080028b8                PROVIDE (__init_array_end = .)

.fini_array     0x00000000080028b8        0x4
                0x00000000080028b8                PROVIDE (__fini_array_start = .)
 *(SORT_BY_NAME(.fini_array.*))
 *(.fini_array*)
 .fini_array    0x00000000080028b8        0x4 /opt/gcc-arm/bin/../lib/gcc/arm-none-eabi/10.3.1/thumb/v7e-m+fp/hard/crtbegin.o
                0x00000000080028bc                PROVIDE (__fini_array_end = .)
                0x00000000080028bc                _sidata = LOADADDR (.data)

.data           0x0000000020000000      0x444 load address 0x00000000080028bc
                0x0000000020000000                . = ALIGN (0x4)
                0x0000000020000000                _sdata = .
 *(.data)
 *(.data*)
 .data.SystemCoreClock
                0x0000000020000000        0x4 /home/vlab/FreeRTOS_Work/STM32F4_Firmware/STM32F4-FreeRTOS_USART/build/system_stm32f4xx.o
                0x0000000020000000                SystemCoreClock
 .data.uxCriticalNesting
                0x0000000020000004        0x4 /home/vlab/FreeRTOS_Work/STM32F4_Firmware/STM32F4-FreeRTOS_USART/build/port.o
 .data.APBAHBPrescTable
                0x0000000020000008       0x10 /home/vlab/FreeRTOS_Work/STM32F4_Firmware/STM32F4-FreeRTOS_USART/build/stm32f4xx_rcc.o
 .data.impure_data
                0x0000000020000018      0x428 /opt/gcc-arm/bin/../lib/gcc/arm-none-eabi/10.3.1/../../../../arm-none-eabi/lib/thumb/v7e-m+fp/hard/libc.a(lib_a-impure.o)
 .data.__atexit_recursive_mutex
                0x0000000020000440        0x4 /opt/gcc-arm/bin/../lib/gcc/arm-none-eabi/10.3.1/../../../../arm-none-eabi/lib/thumb/v7e-m+fp/hard/libc.a(lib_a-__call_atexit.o)
                0x0000000020000440                __atexit_recursive_mutex
                0x0000000020000444                . = ALIGN (0x4)
                0x0000000020000444                _edata = .
                0x0000000008002d00                _siccmram = LOADADDR (.ccmram)

.igot.plt       0x0000000020000444        0x0 load address 0x0000000008002d00
 .igot.plt      0x0000000020000444        0x0 /opt/gcc-arm/bin/../lib/gcc/arm-none-eabi/10.3.1/thumb/v7e-m+fp/hard/crtbegin.o

.ccmram         0x0000000010000000        0x0 load address 0x0000000008002d00
                0x0000000010000000                . = ALIGN (0x4)
                0x0000000010000000                _sccmram = .
 *(.ccmram)
 *(.ccmram*)
                0x0000000010000000                . = ALIGN (0x4)
                0x0000000010000000                _eccmram = .
                0x0000000010000000                . = ALIGN (0x4)

.bss            0x0000000020000448    0x12dc4
                0x0000000020000448                _sbss = .
                0x0000000020000448                __bss_start__ = _sbss
 *(.bss)
 .bss           0x0000000020000448       0x1c /opt/gcc-arm/bin/../lib/gcc/arm-none-eabi/10.3.1/thumb/v7e-m+fp/hard/crtbegin.o
 *(.bss*)
 .bss.ucMaxSysCallPriority
                0x0000000020000464        0x1 /home/vlab/FreeRTOS_Work/STM32F4_Firmware/STM32F4-FreeRTOS_USART/build/port.o
 *fill*         0x0000000020000465        0x3 
 .bss.ulMaxPRIGROUPValue
                0x0000000020000468        0x4 /home/vlab/FreeRTOS_Work/STM32F4_Firmware/STM32F4-FreeRTOS_USART/build/port.o
 *fill*         0x000000002000046c        0x4 
 .bss.xQueueRegistry
                0x0000000020000470       0x40 /home/vlab/FreeRTOS_Work/STM32F4_Firmware/STM32F4-FreeRTOS_USART/build/queue.o
                0x0000000020000470                xQueueRegistry
 .bss.pxCurrentTCB
                0x00000000200004b0        0x4 /home/vlab/FreeRTOS_Work/STM32F4_Firmware/STM32F4-FreeRTOS_USART/build/tasks.o
                0x00000000200004b0                pxCurrentTCB
 .bss.pxDelayedTaskList
                0x00000000200004b4        0x4 /home/vlab/FreeRTOS_Work/STM32F4_Firmware/STM32F4-FreeRTOS_USART/build/tasks.o
 .bss.pxOverflowDelayedTaskList
                0x00000000200004b8        0x4 /home/vlab/FreeRTOS_Work/STM32F4_Firmware/STM32F4-FreeRTOS_USART/build/tasks.o
 .bss.pxReadyTasksLists
                0x00000000200004bc       0x64 /home/vlab/FreeRTOS_Work/STM32F4_Firmware/STM32F4-FreeRTOS_USART/build/tasks.o
 .bss.uxCurrentNumberOfTasks
                0x0000000020000520        0x4 /home/vlab/FreeRTOS_Work/STM32F4_Firmware/STM32F4-FreeRTOS_USART/build/tasks.o
 .bss.uxDeletedTasksWaitingCleanUp
                0x0000000020000524        0x4 /home/vlab/FreeRTOS_Work/STM32F4_Firmware/STM32F4-FreeRTOS_USART/build/tasks.o
 .bss.uxPendedTicks
                0x0000000020000528        0x4 /home/vlab/FreeRTOS_Work/STM32F4_Firmware/STM32F4-FreeRTOS_USART/build/tasks.o
 .bss.uxSchedulerSuspended
                0x000000002000052c        0x4 /home/vlab/FreeRTOS_Work/STM32F4_Firmware/STM32F4-FreeRTOS_USART/build/tasks.o
 .bss.uxTaskNumber
                0x0000000020000530        0x4 /home/vlab/FreeRTOS_Work/STM32F4_Firmware/STM32F4-FreeRTOS_USART/build/tasks.o
 .bss.uxTopReadyPriority
                0x0000000020000534        0x4 /home/vlab/FreeRTOS_Work/STM32F4_Firmware/STM32F4-FreeRTOS_USART/build/tasks.o
 .bss.xDelayedTaskList1
                0x0000000020000538       0x14 /home/vlab/FreeRTOS_Work/STM32F4_Firmware/STM32F4-FreeRTOS_USART/build/tasks.o
 .bss.xDelayedTaskList2
                0x000000002000054c       0x14 /home/vlab/FreeRTOS_Work/STM32F4_Firmware/STM32F4-FreeRTOS_USART/build/tasks.o
 .bss.xIdleTaskHandle
                0x0000000020000560        0x4 /home/vlab/FreeRTOS_Work/STM32F4_Firmware/STM32F4-FreeRTOS_USART/build/tasks.o
 .bss.xNextTaskUnblockTime
                0x0000000020000564        0x4 /home/vlab/FreeRTOS_Work/STM32F4_Firmware/STM32F4-FreeRTOS_USART/build/tasks.o
 .bss.xNumOfOverflows
                0x0000000020000568        0x4 /home/vlab/FreeRTOS_Work/STM32F4_Firmware/STM32F4-FreeRTOS_USART/build/tasks.o
 .bss.xPendingReadyList
                0x000000002000056c       0x14 /home/vlab/FreeRTOS_Work/STM32F4_Firmware/STM32F4-FreeRTOS_USART/build/tasks.o
 .bss.xSchedulerRunning
                0x0000000020000580        0x4 /home/vlab/FreeRTOS_Work/STM32F4_Firmware/STM32F4-FreeRTOS_USART/build/tasks.o
 .bss.xSuspendedTaskList
                0x0000000020000584       0x14 /home/vlab/FreeRTOS_Work/STM32F4_Firmware/STM32F4-FreeRTOS_USART/build/tasks.o
 .bss.xTasksWaitingTermination
                0x0000000020000598       0x14 /home/vlab/FreeRTOS_Work/STM32F4_Firmware/STM32F4-FreeRTOS_USART/build/tasks.o
 .bss.xTickCount
                0x00000000200005ac        0x4 /home/vlab/FreeRTOS_Work/STM32F4_Firmware/STM32F4-FreeRTOS_USART/build/tasks.o
 .bss.xYieldPending
                0x00000000200005b0        0x4 /home/vlab/FreeRTOS_Work/STM32F4_Firmware/STM32F4-FreeRTOS_USART/build/tasks.o
 .bss.pxCurrentTimerList
                0x00000000200005b4        0x4 /home/vlab/FreeRTOS_Work/STM32F4_Firmware/STM32F4-FreeRTOS_USART/build/timers.o
 .bss.pxOverflowTimerList
                0x00000000200005b8        0x4 /home/vlab/FreeRTOS_Work/STM32F4_Firmware/STM32F4-FreeRTOS_USART/build/timers.o
 .bss.xActiveTimerList1
                0x00000000200005bc       0x14 /home/vlab/FreeRTOS_Work/STM32F4_Firmware/STM32F4-FreeRTOS_USART/build/timers.o
 .bss.xActiveTimerList2
                0x00000000200005d0       0x14 /home/vlab/FreeRTOS_Work/STM32F4_Firmware/STM32F4-FreeRTOS_USART/build/timers.o
 .bss.xLastTime.0
                0x00000000200005e4        0x4 /home/vlab/FreeRTOS_Work/STM32F4_Firmware/STM32F4-FreeRTOS_USART/build/timers.o
 .bss.xTimerQueue
                0x00000000200005e8        0x4 /home/vlab/FreeRTOS_Work/STM32F4_Firmware/STM32F4-FreeRTOS_USART/build/timers.o
 .bss.xTimerTaskHandle
                0x00000000200005ec        0x4 /home/vlab/FreeRTOS_Work/STM32F4_Firmware/STM32F4-FreeRTOS_USART/build/timers.o
 .bss.pxEnd     0x00000000200005f0        0x4 /home/vlab/FreeRTOS_Work/STM32F4_Firmware/STM32F4-FreeRTOS_USART/build/heap_4.o
 .bss.ucHeap    0x00000000200005f4    0x12c00 /home/vlab/FreeRTOS_Work/STM32F4_Firmware/STM32F4-FreeRTOS_USART/build/heap_4.o
 .bss.xBlockAllocatedBit
                0x00000000200131f4        0x4 /home/vlab/FreeRTOS_Work/STM32F4_Firmware/STM32F4-FreeRTOS_USART/build/heap_4.o
 .bss.xFreeBytesRemaining
                0x00000000200131f8        0x4 /home/vlab/FreeRTOS_Work/STM32F4_Firmware/STM32F4-FreeRTOS_USART/build/heap_4.o
 .bss.xMinimumEverFreeBytesRemaining
                0x00000000200131fc        0x4 /home/vlab/FreeRTOS_Work/STM32F4_Firmware/STM32F4-FreeRTOS_USART/build/heap_4.o
 .bss.xStart    0x0000000020013200        0x8 /home/vlab/FreeRTOS_Work/STM32F4_Firmware/STM32F4-FreeRTOS_USART/build/heap_4.o
 .bss.__lock___atexit_recursive_mutex
                0x0000000020013208        0x1 /opt/gcc-arm/bin/../lib/gcc/arm-none-eabi/10.3.1/../../../../arm-none-eabi/lib/thumb/v7e-m+fp/hard/libc.a(lib_a-lock.o)
                0x0000000020013208                __lock___atexit_recursive_mutex
 *(COMMON)
                0x000000002001320c                . = ALIGN (0x4)
 *fill*         0x0000000020013209        0x3 
                0x000000002001320c                _ebss = .
                0x000000002001320c                __bss_end__ = _ebss

._user_heap_stack
                0x000000002001320c      0x604
                0x0000000020013210                . = ALIGN (0x8)
 *fill*         0x000000002001320c        0x4 
                0x0000000020013210                PROVIDE (end = .)
                [!provide]                        PROVIDE (_end = .)
                0x0000000020013410                . = (. + _Min_Heap_Size)
 *fill*         0x0000000020013210      0x200 
                0x0000000020013810                . = (. + _Min_Stack_Size)
 *fill*         0x0000000020013410      0x400 
                0x0000000020013810                . = ALIGN (0x8)

/DISCARD/
 libc.a(*)
 libm.a(*)
 libgcc.a(*)

.ARM.attributes
                0x0000000000000000       0x30
 *(.ARM.attributes)
 .ARM.attributes
                0x0000000000000000       0x1e /opt/gcc-arm/bin/../lib/gcc/arm-none-eabi/10.3.1/thumb/v7e-m+fp/hard/crti.o
 .ARM.attributes
                0x000000000000001e       0x34 /opt/gcc-arm/bin/../lib/gcc/arm-none-eabi/10.3.1/thumb/v7e-m+fp/hard/crtbegin.o
 .ARM.attributes
                0x0000000000000052       0x34 /home/vlab/FreeRTOS_Work/STM32F4_Firmware/STM32F4-FreeRTOS_USART/build/stm32f4xx_it.o
 .ARM.attributes
                0x0000000000000086       0x34 /home/vlab/FreeRTOS_Work/STM32F4_Firmware/STM32F4-FreeRTOS_USART/build/system_stm32f4xx.o
 .ARM.attributes
                0x00000000000000ba       0x34 /home/vlab/FreeRTOS_Work/STM32F4_Firmware/STM32F4-FreeRTOS_USART/build/main.o
 .ARM.attributes
                0x00000000000000ee       0x34 /home/vlab/FreeRTOS_Work/STM32F4_Firmware/STM32F4-FreeRTOS_USART/build/port.o
 .ARM.attributes
                0x0000000000000122       0x34 /home/vlab/FreeRTOS_Work/STM32F4_Firmware/STM32F4-FreeRTOS_USART/build/list.o
 .ARM.attributes
                0x0000000000000156       0x34 /home/vlab/FreeRTOS_Work/STM32F4_Firmware/STM32F4-FreeRTOS_USART/build/queue.o
 .ARM.attributes
                0x000000000000018a       0x34 /home/vlab/FreeRTOS_Work/STM32F4_Firmware/STM32F4-FreeRTOS_USART/build/tasks.o
 .ARM.attributes
                0x00000000000001be       0x34 /home/vlab/FreeRTOS_Work/STM32F4_Firmware/STM32F4-FreeRTOS_USART/build/timers.o
 .ARM.attributes
                0x00000000000001f2       0x34 /home/vlab/FreeRTOS_Work/STM32F4_Firmware/STM32F4-FreeRTOS_USART/build/heap_4.o
 .ARM.attributes
                0x0000000000000226       0x34 /home/vlab/FreeRTOS_Work/STM32F4_Firmware/STM32F4-FreeRTOS_USART/build/stm32f4xx_rcc.o
 .ARM.attributes
                0x000000000000025a       0x34 /home/vlab/FreeRTOS_Work/STM32F4_Firmware/STM32F4-FreeRTOS_USART/build/stm32f4xx_gpio.o
 .ARM.attributes
                0x000000000000028e       0x34 /home/vlab/FreeRTOS_Work/STM32F4_Firmware/STM32F4-FreeRTOS_USART/build/misc.o
 .ARM.attributes
                0x00000000000002c2       0x34 /home/vlab/FreeRTOS_Work/STM32F4_Firmware/STM32F4-FreeRTOS_USART/build/stm32f4xx_usart.o
 .ARM.attributes
                0x00000000000002f6       0x21 /home/vlab/FreeRTOS_Work/STM32F4_Firmware/STM32F4-FreeRTOS_USART/build/startup_stm32f4xx.o
 .ARM.attributes
                0x0000000000000317       0x34 /opt/gcc-arm/bin/../lib/gcc/arm-none-eabi/10.3.1/../../../../arm-none-eabi/lib/thumb/v7e-m+fp/hard/libc.a(lib_a-impure.o)
 .ARM.attributes
                0x000000000000034b       0x34 /opt/gcc-arm/bin/../lib/gcc/arm-none-eabi/10.3.1/../../../../arm-none-eabi/lib/thumb/v7e-m+fp/hard/libc.a(lib_a-init.o)
 .ARM.attributes
                0x000000000000037f       0x1c /opt/gcc-arm/bin/../lib/gcc/arm-none-eabi/10.3.1/../../../../arm-none-eabi/lib/thumb/v7e-m+fp/hard/libc.a(lib_a-memcpy.o)
 .ARM.attributes
                0x000000000000039b       0x34 /opt/gcc-arm/bin/../lib/gcc/arm-none-eabi/10.3.1/../../../../arm-none-eabi/lib/thumb/v7e-m+fp/hard/libc.a(lib_a-memset.o)
 .ARM.attributes
                0x00000000000003cf       0x34 /opt/gcc-arm/bin/../lib/gcc/arm-none-eabi/10.3.1/../../../../arm-none-eabi/lib/thumb/v7e-m+fp/hard/libc.a(lib_a-__call_atexit.o)
 .ARM.attributes
                0x0000000000000403       0x34 /opt/gcc-arm/bin/../lib/gcc/arm-none-eabi/10.3.1/../../../../arm-none-eabi/lib/thumb/v7e-m+fp/hard/libc.a(lib_a-atexit.o)
 .ARM.attributes
                0x0000000000000437       0x34 /opt/gcc-arm/bin/../lib/gcc/arm-none-eabi/10.3.1/../../../../arm-none-eabi/lib/thumb/v7e-m+fp/hard/libc.a(lib_a-fini.o)
 .ARM.attributes
                0x000000000000046b       0x34 /opt/gcc-arm/bin/../lib/gcc/arm-none-eabi/10.3.1/../../../../arm-none-eabi/lib/thumb/v7e-m+fp/hard/libc.a(lib_a-lock.o)
 .ARM.attributes
                0x000000000000049f       0x34 /opt/gcc-arm/bin/../lib/gcc/arm-none-eabi/10.3.1/../../../../arm-none-eabi/lib/thumb/v7e-m+fp/hard/libc.a(lib_a-__atexit.o)
 .ARM.attributes
                0x00000000000004d3       0x1e /opt/gcc-arm/bin/../lib/gcc/arm-none-eabi/10.3.1/thumb/v7e-m+fp/hard/crtn.o
OUTPUT(/home/vlab/FreeRTOS_Work/STM32F4_Firmware/STM32F4-FreeRTOS_USART/binary/FreeRTOS.elf elf32-littlearm)
LOAD linker stubs
LOAD /opt/gcc-arm/bin/../lib/gcc/arm-none-eabi/10.3.1/../../../../arm-none-eabi/lib/thumb/v7e-m+fp/hard/libc.a
LOAD /opt/gcc-arm/bin/../lib/gcc/arm-none-eabi/10.3.1/../../../../arm-none-eabi/lib/thumb/v7e-m+fp/hard/libm.a
LOAD /opt/gcc-arm/bin/../lib/gcc/arm-none-eabi/10.3.1/thumb/v7e-m+fp/hard/libgcc.a

.debug_info     0x0000000000000000     0xbf83
 .debug_info    0x0000000000000000      0x18e /home/vlab/FreeRTOS_Work/STM32F4_Firmware/STM32F4-FreeRTOS_USART/build/stm32f4xx_it.o
 .debug_info    0x000000000000018e      0x559 /home/vlab/FreeRTOS_Work/STM32F4_Firmware/STM32F4-FreeRTOS_USART/build/system_stm32f4xx.o
 .debug_info    0x00000000000006e7      0xa68 /home/vlab/FreeRTOS_Work/STM32F4_Firmware/STM32F4-FreeRTOS_USART/build/main.o
 .debug_info    0x000000000000114f      0x547 /home/vlab/FreeRTOS_Work/STM32F4_Firmware/STM32F4-FreeRTOS_USART/build/port.o
 .debug_info    0x0000000000001696      0x2ce /home/vlab/FreeRTOS_Work/STM32F4_Firmware/STM32F4-FreeRTOS_USART/build/list.o
 .debug_info    0x0000000000001964     0x26a6 /home/vlab/FreeRTOS_Work/STM32F4_Firmware/STM32F4-FreeRTOS_USART/build/queue.o
 .debug_info    0x000000000000400a     0x38bb /home/vlab/FreeRTOS_Work/STM32F4_Firmware/STM32F4-FreeRTOS_USART/build/tasks.o
 .debug_info    0x00000000000078c5     0x1638 /home/vlab/FreeRTOS_Work/STM32F4_Firmware/STM32F4-FreeRTOS_USART/build/timers.o
 .debug_info    0x0000000000008efd      0x4f9 /home/vlab/FreeRTOS_Work/STM32F4_Firmware/STM32F4-FreeRTOS_USART/build/heap_4.o
 .debug_info    0x00000000000093f6     0x10b8 /home/vlab/FreeRTOS_Work/STM32F4_Firmware/STM32F4-FreeRTOS_USART/build/stm32f4xx_rcc.o
 .debug_info    0x000000000000a4ae      0x8b7 /home/vlab/FreeRTOS_Work/STM32F4_Firmware/STM32F4-FreeRTOS_USART/build/stm32f4xx_gpio.o
 .debug_info    0x000000000000ad65      0x582 /home/vlab/FreeRTOS_Work/STM32F4_Firmware/STM32F4-FreeRTOS_USART/build/misc.o
 .debug_info    0x000000000000b2e7      0xc9c /home/vlab/FreeRTOS_Work/STM32F4_Firmware/STM32F4-FreeRTOS_USART/build/stm32f4xx_usart.o

.debug_abbrev   0x0000000000000000     0x1dad
 .debug_abbrev  0x0000000000000000       0xd5 /home/vlab/FreeRTOS_Work/STM32F4_Firmware/STM32F4-FreeRTOS_USART/build/stm32f4xx_it.o
 .debug_abbrev  0x00000000000000d5      0x12c /home/vlab/FreeRTOS_Work/STM32F4_Firmware/STM32F4-FreeRTOS_USART/build/system_stm32f4xx.o
 .debug_abbrev  0x0000000000000201      0x272 /home/vlab/FreeRTOS_Work/STM32F4_Firmware/STM32F4-FreeRTOS_USART/build/main.o
 .debug_abbrev  0x0000000000000473      0x253 /home/vlab/FreeRTOS_Work/STM32F4_Firmware/STM32F4-FreeRTOS_USART/build/port.o
 .debug_abbrev  0x00000000000006c6       0xff /home/vlab/FreeRTOS_Work/STM32F4_Firmware/STM32F4-FreeRTOS_USART/build/list.o
 .debug_abbrev  0x00000000000007c5      0x3a8 /home/vlab/FreeRTOS_Work/STM32F4_Firmware/STM32F4-FreeRTOS_USART/build/queue.o
 .debug_abbrev  0x0000000000000b6d      0x495 /home/vlab/FreeRTOS_Work/STM32F4_Firmware/STM32F4-FreeRTOS_USART/build/tasks.o
 .debug_abbrev  0x0000000000001002      0x2f1 /home/vlab/FreeRTOS_Work/STM32F4_Firmware/STM32F4-FreeRTOS_USART/build/timers.o
 .debug_abbrev  0x00000000000012f3      0x2a8 /home/vlab/FreeRTOS_Work/STM32F4_Firmware/STM32F4-FreeRTOS_USART/build/heap_4.o
 .debug_abbrev  0x000000000000159b      0x27f /home/vlab/FreeRTOS_Work/STM32F4_Firmware/STM32F4-FreeRTOS_USART/build/stm32f4xx_rcc.o
 .debug_abbrev  0x000000000000181a      0x221 /home/vlab/FreeRTOS_Work/STM32F4_Firmware/STM32F4-FreeRTOS_USART/build/stm32f4xx_gpio.o
 .debug_abbrev  0x0000000000001a3b      0x187 /home/vlab/FreeRTOS_Work/STM32F4_Firmware/STM32F4-FreeRTOS_USART/build/misc.o
 .debug_abbrev  0x0000000000001bc2      0x1eb /home/vlab/FreeRTOS_Work/STM32F4_Firmware/STM32F4-FreeRTOS_USART/build/stm32f4xx_usart.o

.debug_aranges  0x0000000000000000      0x858
 .debug_aranges
                0x0000000000000000       0x48 /home/vlab/FreeRTOS_Work/STM32F4_Firmware/STM32F4-FreeRTOS_USART/build/stm32f4xx_it.o
 .debug_aranges
                0x0000000000000048       0x28 /home/vlab/FreeRTOS_Work/STM32F4_Firmware/STM32F4-FreeRTOS_USART/build/system_stm32f4xx.o
 .debug_aranges
                0x0000000000000070       0x60 /home/vlab/FreeRTOS_Work/STM32F4_Firmware/STM32F4-FreeRTOS_USART/build/main.o
 .debug_aranges
                0x00000000000000d0       0x80 /home/vlab/FreeRTOS_Work/STM32F4_Firmware/STM32F4-FreeRTOS_USART/build/port.o
 .debug_aranges
                0x0000000000000150       0x40 /home/vlab/FreeRTOS_Work/STM32F4_Firmware/STM32F4-FreeRTOS_USART/build/list.o
 .debug_aranges
                0x0000000000000190       0xe8 /home/vlab/FreeRTOS_Work/STM32F4_Firmware/STM32F4-FreeRTOS_USART/build/queue.o
 .debug_aranges
                0x0000000000000278      0x1a0 /home/vlab/FreeRTOS_Work/STM32F4_Firmware/STM32F4-FreeRTOS_USART/build/tasks.o
 .debug_aranges
                0x0000000000000418       0x78 /home/vlab/FreeRTOS_Work/STM32F4_Firmware/STM32F4-FreeRTOS_USART/build/timers.o
 .debug_aranges
                0x0000000000000490       0x40 /home/vlab/FreeRTOS_Work/STM32F4_Firmware/STM32F4-FreeRTOS_USART/build/heap_4.o
 .debug_aranges
                0x00000000000004d0      0x1c0 /home/vlab/FreeRTOS_Work/STM32F4_Firmware/STM32F4-FreeRTOS_USART/build/stm32f4xx_rcc.o
 .debug_aranges
                0x0000000000000690       0x88 /home/vlab/FreeRTOS_Work/STM32F4_Firmware/STM32F4-FreeRTOS_USART/build/stm32f4xx_gpio.o
 .debug_aranges
                0x0000000000000718       0x40 /home/vlab/FreeRTOS_Work/STM32F4_Firmware/STM32F4-FreeRTOS_USART/build/misc.o
 .debug_aranges
                0x0000000000000758      0x100 /home/vlab/FreeRTOS_Work/STM32F4_Firmware/STM32F4-FreeRTOS_USART/build/stm32f4xx_usart.o

.debug_ranges   0x0000000000000000     0x1300
 .debug_ranges  0x0000000000000000       0x38 /home/vlab/FreeRTOS_Work/STM32F4_Firmware/STM32F4-FreeRTOS_USART/build/stm32f4xx_it.o
 .debug_ranges  0x0000000000000038       0x18 /home/vlab/FreeRTOS_Work/STM32F4_Firmware/STM32F4-FreeRTOS_USART/build/system_stm32f4xx.o
 .debug_ranges  0x0000000000000050       0x98 /home/vlab/FreeRTOS_Work/STM32F4_Firmware/STM32F4-FreeRTOS_USART/build/main.o
 .debug_ranges  0x00000000000000e8       0xb0 /home/vlab/FreeRTOS_Work/STM32F4_Firmware/STM32F4-FreeRTOS_USART/build/port.o
 .debug_ranges  0x0000000000000198       0x30 /home/vlab/FreeRTOS_Work/STM32F4_Firmware/STM32F4-FreeRTOS_USART/build/list.o
 .debug_ranges  0x00000000000001c8      0x378 /home/vlab/FreeRTOS_Work/STM32F4_Firmware/STM32F4-FreeRTOS_USART/build/queue.o
 .debug_ranges  0x0000000000000540      0x798 /home/vlab/FreeRTOS_Work/STM32F4_Firmware/STM32F4-FreeRTOS_USART/build/tasks.o
 .debug_ranges  0x0000000000000cd8      0x250 /home/vlab/FreeRTOS_Work/STM32F4_Firmware/STM32F4-FreeRTOS_USART/build/timers.o
 .debug_ranges  0x0000000000000f28       0x70 /home/vlab/FreeRTOS_Work/STM32F4_Firmware/STM32F4-FreeRTOS_USART/build/heap_4.o
 .debug_ranges  0x0000000000000f98      0x1d0 /home/vlab/FreeRTOS_Work/STM32F4_Firmware/STM32F4-FreeRTOS_USART/build/stm32f4xx_rcc.o
 .debug_ranges  0x0000000000001168       0x78 /home/vlab/FreeRTOS_Work/STM32F4_Firmware/STM32F4-FreeRTOS_USART/build/stm32f4xx_gpio.o
 .debug_ranges  0x00000000000011e0       0x30 /home/vlab/FreeRTOS_Work/STM32F4_Firmware/STM32F4-FreeRTOS_USART/build/misc.o
 .debug_ranges  0x0000000000001210       0xf0 /home/vlab/FreeRTOS_Work/STM32F4_Firmware/STM32F4-FreeRTOS_USART/build/stm32f4xx_usart.o

.debug_line     0x0000000000000000     0xa3e7
 .debug_line    0x0000000000000000      0x1fa /home/vlab/FreeRTOS_Work/STM32F4_Firmware/STM32F4-FreeRTOS_USART/build/stm32f4xx_it.o
 .debug_line    0x00000000000001fa      0x2f0 /home/vlab/FreeRTOS_Work/STM32F4_Firmware/STM32F4-FreeRTOS_USART/build/system_stm32f4xx.o
 .debug_line    0x00000000000004ea      0x542 /home/vlab/FreeRTOS_Work/STM32F4_Firmware/STM32F4-FreeRTOS_USART/build/main.o
 .debug_line    0x0000000000000a2c      0x7a5 /home/vlab/FreeRTOS_Work/STM32F4_Firmware/STM32F4-FreeRTOS_USART/build/port.o
 .debug_line    0x00000000000011d1      0x384 /home/vlab/FreeRTOS_Work/STM32F4_Firmware/STM32F4-FreeRTOS_USART/build/list.o
 .debug_line    0x0000000000001555     0x236e /home/vlab/FreeRTOS_Work/STM32F4_Firmware/STM32F4-FreeRTOS_USART/build/queue.o
 .debug_line    0x00000000000038c3     0x34d5 /home/vlab/FreeRTOS_Work/STM32F4_Firmware/STM32F4-FreeRTOS_USART/build/tasks.o
 .debug_line    0x0000000000006d98      0xda2 /home/vlab/FreeRTOS_Work/STM32F4_Firmware/STM32F4-FreeRTOS_USART/build/timers.o
 .debug_line    0x0000000000007b3a      0x708 /home/vlab/FreeRTOS_Work/STM32F4_Firmware/STM32F4-FreeRTOS_USART/build/heap_4.o
 .debug_line    0x0000000000008242      0xdcf /home/vlab/FreeRTOS_Work/STM32F4_Firmware/STM32F4-FreeRTOS_USART/build/stm32f4xx_rcc.o
 .debug_line    0x0000000000009011      0x649 /home/vlab/FreeRTOS_Work/STM32F4_Firmware/STM32F4-FreeRTOS_USART/build/stm32f4xx_gpio.o
 .debug_line    0x000000000000965a      0x3ac /home/vlab/FreeRTOS_Work/STM32F4_Firmware/STM32F4-FreeRTOS_USART/build/misc.o
 .debug_line    0x0000000000009a06      0x9e1 /home/vlab/FreeRTOS_Work/STM32F4_Firmware/STM32F4-FreeRTOS_USART/build/stm32f4xx_usart.o

.debug_str      0x0000000000000000     0x33e1
 .debug_str     0x0000000000000000      0x22f /home/vlab/FreeRTOS_Work/STM32F4_Firmware/STM32F4-FreeRTOS_USART/build/stm32f4xx_it.o
                                        0x26c (size before relaxing)
 .debug_str     0x000000000000022f      0x230 /home/vlab/FreeRTOS_Work/STM32F4_Firmware/STM32F4-FreeRTOS_USART/build/system_stm32f4xx.o
                                        0x3cb (size before relaxing)
 .debug_str     0x000000000000045f      0x582 /home/vlab/FreeRTOS_Work/STM32F4_Firmware/STM32F4-FreeRTOS_USART/build/main.o
                                        0x787 (size before relaxing)
 .debug_str     0x00000000000009e1      0x294 /home/vlab/FreeRTOS_Work/STM32F4_Firmware/STM32F4-FreeRTOS_USART/build/port.o
                                        0x476 (size before relaxing)
 .debug_str     0x0000000000000c75      0x16e /home/vlab/FreeRTOS_Work/STM32F4_Firmware/STM32F4-FreeRTOS_USART/build/list.o
                                        0x315 (size before relaxing)
 .debug_str     0x0000000000000de3      0x725 /home/vlab/FreeRTOS_Work/STM32F4_Firmware/STM32F4-FreeRTOS_USART/build/queue.o
                                        0xa50 (size before relaxing)
 .debug_str     0x0000000000001508      0xa86 /home/vlab/FreeRTOS_Work/STM32F4_Firmware/STM32F4-FreeRTOS_USART/build/tasks.o
                                       0x10f5 (size before relaxing)
 .debug_str     0x0000000000001f8e      0x454 /home/vlab/FreeRTOS_Work/STM32F4_Firmware/STM32F4-FreeRTOS_USART/build/timers.o
                                        0x8b5 (size before relaxing)
 .debug_str     0x00000000000023e2      0x1f7 /home/vlab/FreeRTOS_Work/STM32F4_Firmware/STM32F4-FreeRTOS_USART/build/heap_4.o
                                        0x41b (size before relaxing)
 .debug_str     0x00000000000025d9      0x6e3 /home/vlab/FreeRTOS_Work/STM32F4_Firmware/STM32F4-FreeRTOS_USART/build/stm32f4xx_rcc.o
                                        0xa37 (size before relaxing)
 .debug_str     0x0000000000002cbc      0x1a9 /home/vlab/FreeRTOS_Work/STM32F4_Firmware/STM32F4-FreeRTOS_USART/build/stm32f4xx_gpio.o
                                        0x52c (size before relaxing)
 .debug_str     0x0000000000002e65      0x1ea /home/vlab/FreeRTOS_Work/STM32F4_Firmware/STM32F4-FreeRTOS_USART/build/misc.o
                                        0x443 (size before relaxing)
 .debug_str     0x000000000000304f      0x392 /home/vlab/FreeRTOS_Work/STM32F4_Firmware/STM32F4-FreeRTOS_USART/build/stm32f4xx_usart.o
                                        0x744 (size before relaxing)

.comment        0x0000000000000000       0x49
 .comment       0x0000000000000000       0x49 /home/vlab/FreeRTOS_Work/STM32F4_Firmware/STM32F4-FreeRTOS_USART/build/stm32f4xx_it.o
                                         0x4a (size before relaxing)
 .comment       0x0000000000000049       0x4a /home/vlab/FreeRTOS_Work/STM32F4_Firmware/STM32F4-FreeRTOS_USART/build/system_stm32f4xx.o
 .comment       0x0000000000000049       0x4a /home/vlab/FreeRTOS_Work/STM32F4_Firmware/STM32F4-FreeRTOS_USART/build/main.o
 .comment       0x0000000000000049       0x4a /home/vlab/FreeRTOS_Work/STM32F4_Firmware/STM32F4-FreeRTOS_USART/build/port.o
 .comment       0x0000000000000049       0x4a /home/vlab/FreeRTOS_Work/STM32F4_Firmware/STM32F4-FreeRTOS_USART/build/list.o
 .comment       0x0000000000000049       0x4a /home/vlab/FreeRTOS_Work/STM32F4_Firmware/STM32F4-FreeRTOS_USART/build/queue.o
 .comment       0x0000000000000049       0x4a /home/vlab/FreeRTOS_Work/STM32F4_Firmware/STM32F4-FreeRTOS_USART/build/tasks.o
 .comment       0x0000000000000049       0x4a /home/vlab/FreeRTOS_Work/STM32F4_Firmware/STM32F4-FreeRTOS_USART/build/timers.o
 .comment       0x0000000000000049       0x4a /home/vlab/FreeRTOS_Work/STM32F4_Firmware/STM32F4-FreeRTOS_USART/build/heap_4.o
 .comment       0x0000000000000049       0x4a /home/vlab/FreeRTOS_Work/STM32F4_Firmware/STM32F4-FreeRTOS_USART/build/stm32f4xx_rcc.o
 .comment       0x0000000000000049       0x4a /home/vlab/FreeRTOS_Work/STM32F4_Firmware/STM32F4-FreeRTOS_USART/build/stm32f4xx_gpio.o
 .comment       0x0000000000000049       0x4a /home/vlab/FreeRTOS_Work/STM32F4_Firmware/STM32F4-FreeRTOS_USART/build/misc.o
 .comment       0x0000000000000049       0x4a /home/vlab/FreeRTOS_Work/STM32F4_Firmware/STM32F4-FreeRTOS_USART/build/stm32f4xx_usart.o

.debug_frame    0x0000000000000000     0x18bc
 .debug_frame   0x0000000000000000       0x90 /home/vlab/FreeRTOS_Work/STM32F4_Firmware/STM32F4-FreeRTOS_USART/build/stm32f4xx_it.o
 .debug_frame   0x0000000000000090       0x3c /home/vlab/FreeRTOS_Work/STM32F4_Firmware/STM32F4-FreeRTOS_USART/build/system_stm32f4xx.o
 .debug_frame   0x00000000000000cc       0xe4 /home/vlab/FreeRTOS_Work/STM32F4_Firmware/STM32F4-FreeRTOS_USART/build/main.o
 .debug_frame   0x00000000000001b0      0x104 /home/vlab/FreeRTOS_Work/STM32F4_Firmware/STM32F4-FreeRTOS_USART/build/port.o
 .debug_frame   0x00000000000002b4       0x88 /home/vlab/FreeRTOS_Work/STM32F4_Firmware/STM32F4-FreeRTOS_USART/build/list.o
 .debug_frame   0x000000000000033c      0x2fc /home/vlab/FreeRTOS_Work/STM32F4_Firmware/STM32F4-FreeRTOS_USART/build/queue.o
 .debug_frame   0x0000000000000638      0x6c4 /home/vlab/FreeRTOS_Work/STM32F4_Firmware/STM32F4-FreeRTOS_USART/build/tasks.o
 .debug_frame   0x0000000000000cfc      0x1a8 /home/vlab/FreeRTOS_Work/STM32F4_Firmware/STM32F4-FreeRTOS_USART/build/timers.o
 .debug_frame   0x0000000000000ea4       0x88 /home/vlab/FreeRTOS_Work/STM32F4_Firmware/STM32F4-FreeRTOS_USART/build/heap_4.o
 .debug_frame   0x0000000000000f2c      0x38c /home/vlab/FreeRTOS_Work/STM32F4_Firmware/STM32F4-FreeRTOS_USART/build/stm32f4xx_rcc.o
 .debug_frame   0x00000000000012b8      0x168 /home/vlab/FreeRTOS_Work/STM32F4_Firmware/STM32F4-FreeRTOS_USART/build/stm32f4xx_gpio.o
 .debug_frame   0x0000000000001420       0x60 /home/vlab/FreeRTOS_Work/STM32F4_Firmware/STM32F4-FreeRTOS_USART/build/misc.o
 .debug_frame   0x0000000000001480      0x244 /home/vlab/FreeRTOS_Work/STM32F4_Firmware/STM32F4-FreeRTOS_USART/build/stm32f4xx_usart.o
 .debug_frame   0x00000000000016c4       0x2c /opt/gcc-arm/bin/../lib/gcc/arm-none-eabi/10.3.1/../../../../arm-none-eabi/lib/thumb/v7e-m+fp/hard/libc.a(lib_a-init.o)
 .debug_frame   0x00000000000016f0       0x2c /opt/gcc-arm/bin/../lib/gcc/arm-none-eabi/10.3.1/../../../../arm-none-eabi/lib/thumb/v7e-m+fp/hard/libc.a(lib_a-memset.o)
 .debug_frame   0x000000000000171c       0x68 /opt/gcc-arm/bin/../lib/gcc/arm-none-eabi/10.3.1/../../../../arm-none-eabi/lib/thumb/v7e-m+fp/hard/libc.a(lib_a-__call_atexit.o)
 .debug_frame   0x0000000000001784       0x20 /opt/gcc-arm/bin/../lib/gcc/arm-none-eabi/10.3.1/../../../../arm-none-eabi/lib/thumb/v7e-m+fp/hard/libc.a(lib_a-atexit.o)
 .debug_frame   0x00000000000017a4       0x34 /opt/gcc-arm/bin/../lib/gcc/arm-none-eabi/10.3.1/../../../../arm-none-eabi/lib/thumb/v7e-m+fp/hard/libc.a(lib_a-fini.o)
 .debug_frame   0x00000000000017d8       0xb0 /opt/gcc-arm/bin/../lib/gcc/arm-none-eabi/10.3.1/../../../../arm-none-eabi/lib/thumb/v7e-m+fp/hard/libc.a(lib_a-lock.o)
 .debug_frame   0x0000000000001888       0x34 /opt/gcc-arm/bin/../lib/gcc/arm-none-eabi/10.3.1/../../../../arm-none-eabi/lib/thumb/v7e-m+fp/hard/libc.a(lib_a-__atexit.o)

.debug_loc      0x0000000000000000     0x8992
 .debug_loc     0x0000000000000000      0x118 /home/vlab/FreeRTOS_Work/STM32F4_Firmware/STM32F4-FreeRTOS_USART/build/system_stm32f4xx.o
 .debug_loc     0x0000000000000118      0x179 /home/vlab/FreeRTOS_Work/STM32F4_Firmware/STM32F4-FreeRTOS_USART/build/main.o
 .debug_loc     0x0000000000000291       0xf4 /home/vlab/FreeRTOS_Work/STM32F4_Firmware/STM32F4-FreeRTOS_USART/build/port.o
 .debug_loc     0x0000000000000385       0xbc /home/vlab/FreeRTOS_Work/STM32F4_Firmware/STM32F4-FreeRTOS_USART/build/list.o
 .debug_loc     0x0000000000000441     0x21dd /home/vlab/FreeRTOS_Work/STM32F4_Firmware/STM32F4-FreeRTOS_USART/build/queue.o
 .debug_loc     0x000000000000261e     0x2f1a /home/vlab/FreeRTOS_Work/STM32F4_Firmware/STM32F4-FreeRTOS_USART/build/tasks.o
 .debug_loc     0x0000000000005538     0x1196 /home/vlab/FreeRTOS_Work/STM32F4_Firmware/STM32F4-FreeRTOS_USART/build/timers.o
 .debug_loc     0x00000000000066ce      0x653 /home/vlab/FreeRTOS_Work/STM32F4_Firmware/STM32F4-FreeRTOS_USART/build/heap_4.o
 .debug_loc     0x0000000000006d21      0xe1d /home/vlab/FreeRTOS_Work/STM32F4_Firmware/STM32F4-FreeRTOS_USART/build/stm32f4xx_rcc.o
 .debug_loc     0x0000000000007b3e      0x3a8 /home/vlab/FreeRTOS_Work/STM32F4_Firmware/STM32F4-FreeRTOS_USART/build/stm32f4xx_gpio.o
 .debug_loc     0x0000000000007ee6      0x1c7 /home/vlab/FreeRTOS_Work/STM32F4_Firmware/STM32F4-FreeRTOS_USART/build/misc.o
 .debug_loc     0x00000000000080ad      0x8e5 /home/vlab/FreeRTOS_Work/STM32F4_Firmware/STM32F4-FreeRTOS_USART/build/stm32f4xx_usart.o
